[     0.5] *** Booting nRF Connect SDK v3.4.0-99553055607b ***
[     0.5] *** Using Zephyr OS v4.4.0-bf801e4e3d19 ***
[     0.5] [00:00:00.366,638] <inf> gnss_sample: Starting GNSS sample
[     1.0] [00:00:00.673,553] <inf> gnss_sample: Wrote factory almanac
[     1.0] [00:00:00.727,111] <inf> gnss_sample: Deleting GNSS data
[     1.0] [00:00:00.739,624] <inf> gnss_sample: Assistance data needed: data_flags: 0x3f
[     1.0] [00:00:00.747,253] <inf> gnss_sample: Assistance data needed: GPS ephe: 0xffffffff, alm: 0xffffffff
[     1.0] [00:00:00.756,744] <inf> gnss_sample: Connecting to LTE network
[    33.6] +CEREG: 2,"C577","0AAEEA15",7
[    33.6] +CSCON: 1
[    34.7] +CEREG: 1,"C577","0AAEEA15",7,,,"00000011","00101000"
[    34.7] [00:00:34.082,580] <inf> gnss_sample: Connected to LTE network
[    35.8] [00:00:35.092,620] <inf> gnss_sample: Injected time (GPS day 17048, GPS time of day 39398)
[    35.8] [00:00:35.102,691] <inf> gnss_sample: Injected location for MCC 724
[    35.8] +CEREG: 0
[    35.8] +CSCON: 0
[    35.8] [00:00:35.369,659] <inf> gnss_sample: LTE disconnected
[    35.8] [00:00:35.375,183] <inf> gnss_sample: Starting GNSS
[   309.9] [00:05:09.509,460] <inf> gnss_sample: Time to fix: 274.0 s
[   309.9] [00:05:09.515,319] <inf> gnss_sample: Sleeping for 120 s
