[    0.53] *** Booting nRF Connect SDK v3.4.0-99553055607b ***
[    0.53] *** Using Zephyr OS v4.4.0-bf801e4e3d19 ***
[    0.53] [00:00:00.349,639] <inf> gnss_sample: Starting GNSS sample
[    1.06] [00:00:00.656,066] <inf> gnss_sample: Wrote factory almanac
[    1.06] [00:00:00.712,249] <inf> gnss_sample: Assistance data needed: data_flags: 0x3f
[    1.06] [00:00:00.719,879] <inf> gnss_sample: Assistance data needed: GPS ephe: 0xffffffff, alm: 0xffffffff
[    1.06] [00:00:00.729,370] <inf> gnss_sample: Assistance data needed: QZSS ephe: 0x1df, alm: 0x1df
[    1.06] [00:00:00.738,494] <inf> gnss_sample: Connecting to LTE network
[   67.64] +CEREG: 2,"C577","0AAEEA15",7
[   67.64] +CSCON: 1
[   68.17] +CEREG: 1,"C577","0AAEEA15",7,,,"00000011","00101000"
[   68.19] [00:01:07.964,569] <inf> gnss_sample: Connected to LTE network
[   69.23] [00:01:08.975,036] <inf> gnss_sample: Injected time (GPS day 17048, GPS time of day 36016)
[   69.23] [00:01:08.985,137] <inf> gnss_sample: Injected location for MCC 724
[   69.23] +CEREG: 0
[   69.76] +CSCON: 0
[   69.76] [00:01:09.339,263] <inf> gnss_sample: LTE disconnected
[   70.80] Tracking:  1 Using:  0 Unhealthy: 0
[   70.80] -----------------------------------
[   70.80] Seconds since last fix: 69
[   70.80] Searching [|]
[   70.80] NMEA strings:
[   70.80] $GPGGA,095959.33,,,,,0,,99.99,,M,,M,,*6F
[   70.80] $GPGLL,,,,,095959.33,V,N*43
[   70.80] $GPGSA,A,1,,,,,,,,,,,,,99.99,99.99,99.99,1*2D
[   70.80] $GPGSV,4,1,15,5,20,300,,6,20,038,,7,01,072,,11,14,002,,1*5A
[   70.80] $GPGSV,4,2,15,12,14,284,,13,13,277,,14,18,146,,15,29,227,,1*6B
[   70.80] $GPGSV,4,3,15,17,46,131,,19,73,073,52,20,64,232,,21,21,342,,1*69
[   70.80] $GPGSV,4,4,15,22,33,165,,24,08,222,,30,31,103,,1*5D
[   70.80] $GPRMC,095959.33,V,,,,,,,090926,,,N,V*0A
[   71.85] Tracking:  1 Using:  0 Unhealthy: 0
[   71.85] -----------------------------------
[   71.85] Seconds since last fix: 70
[   71.85] Searching [/]
[   71.85] NMEA strings:
[   71.85] $GPGGA,100000.33,,,,,0,,99.99,,M,,M,,*67
[   71.85] $GPGLL,,,,,100000.33,V,N*4B
[   71.85] $GPGSA,A,1,,,,,,,,,,,,,99.99,99.99,99.99,1*2D
[   71.85] $GPGSV,4,1,15,5,20,300,,6,20,038,,7,01,072,,11,14,002,,1*5A
[   71.85] $GPGSV,4,2,15,12,14,284,,13,13,277,,14,18,146,,15,29,227,,1*6B
[   71.85] $GPGSV,4,3,15,17,46,131,,19,73,073,52,20,64,232,,21,21,342,,1*69
[   71.85] $GPGSV,4,4,15,22,33,165,,24,08,222,,30,31,103,,1*5D
[   71.85] $GPRMC,100000.33,V,,,,,,,090926,,,N,V*02
[   72.89] Tracking:  2 Using:  0 Unhealthy: 0
[   72.89] -----------------------------------
[   72.89] Seconds since last fix: 71
[   72.89] Searching [-]
[   72.89] NMEA strings:
[   72.89] $GPGGA,100001.33,,,,,0,,99.99,,M,,M,,*66
[   72.89] $GPGLL,,,,,100001.33,V,N*4A
[   72.89] $GPGSA,A,1,,,,,,,,,,,,,99.99,99.99,99.99,1*2D
[   72.89] $GPGSV,4,1,15,5,20,300,,6,20,038,,7,01,072,,11,14,002,,1*5A
[   72.89] $GPGSV,4,2,15,12,14,284,,13,13,277,,14,18,146,,15,29,227,,1*6B
[   72.89] $GPGSV,4,3,15,17,46,131,,19,73,073,49,20,64,232,28,21,21,342,,1*69
[   72.89] $GPGSV,4,4,15,22,33,165,,24,08,222,,30,31,103,,1*5D
[   72.89] $GPRMC,100001.33,V,,,,,,,090926,,,N,V*03
[   73.95] Tracking:  1 Using:  0 Unhealthy: 0
[   73.95] -----------------------------------
[   73.95] Seconds since last fix: 72
[   73.95] Searching [\]
[   73.95] NMEA strings:
[   73.95] $GPGGA,100002.33,,,,,0,,99.99,,M,,M,,*65
[   73.95] $GPGLL,,,,,100002.33,V,N*49
[   73.95] $GPGSA,A,1,,,,,,,,,,,,,99.99,99.99,99.99,1*2D
[   73.95] $GPGSV,4,1,15,5,20,300,,6,20,038,,7,01,072,,11,14,002,,1*5A
[   73.95] $GPGSV,4,2,15,12,14,284,,13,13,277,,14,18,146,,15,29,227,,1*6B
[   73.95] $GPGSV,4,3,15,17,46,131,,19,73,073,52,20,64,232,,21,21,342,,1*69
[   73.95] $GPGSV,4,4,15,22,33,165,,24,08,222,,30,31,103,,1*5D
[   73.95] $GPRMC,100002.33,V,,,,,,,090926,,,N,V*00
[   74.47] Tracking:  2 Using:  0 Unhealthy: 0
[   74.47] -----------------------------------
[   74.47] Seconds since last fix: 73
[   74.47] Searching [|]
[   74.47] NMEA strings:
[   74.47] $GPGGA,100003.33,,,,,0,,99.99,,M,,M,,*64
[   74.47] $GPGLL,,,,,100003.33,V,N*48
[   74.47] $GPGSA,A,1,,,,,,,,,,,,,99.99,99.99,99.99,1*2D
[   74.47] $GPGSV,4,1,15,5,20,300,,6,20,038,,7,01,072,,11,14,002,,1*5A
[   75.00] $GPGSV,4,2,15,12,14,284,,13,13,277,,14,18,146,,15,29,227,,1*6B
[   75.00] $GPGSV,4,3,15,17,46,131,,19,73,073,37,20,64,232,29,21,21,342,,1*61
[   75.00] $GPGSV,4,4,15,22,33,165,,24,08,222,,30,31,103,,1*5D
[   75.00] $GPRMC,100003.33,V,,,,,,,090926,,,N,V*01
[   75.52] Tracking:  1 Using:  0 Unhealthy: 0
[   75.52] -----------------------------------
[   75.52] Seconds since last fix: 74
[   75.52] Searching [/]
[   75.52] NMEA strings:
[   75.52] $GPGGA,100004.33,,,,,0,,99.99,,M,,M,,*63
[   75.52] $GPGLL,,,,,100004.33,V,N*4F
[   75.52] $GPGSA,A,1,,,,,,,,,,,,,99.99,99.99,99.99,1*2D
[   75.52] $GPGSV,4,1,15,5,20,300,,6,20,038,,7,01,072,,11,14,002,,1*5A
[   75.52] $GPGSV,4,2,15,12,14,284,,13,13,277,,14,18,146,,15,29,227,,1*6B
[   75.52] $GPGSV,4,3,15,17,46,131,,19,73,073,38,20,64,232,,21,21,342,,1*65
[   75.52] $GPGSV,4,4,15,22,33,165,,24,08,222,,30,31,103,,1*5D
[   75.52] $GPRMC,100004.33,V,,,,,,,090926,,,N,V*06
[   76.57] Tracking:  1 Using:  0 Unhealthy: 0
[   76.57] -----------------------------------
[   76.57] Seconds since last fix: 75
[   76.57] Searching [-]
[   76.57] NMEA strings:
[   76.57] $GPGGA,100005.33,,,,,0,,99.99,,M,,M,,*62
[   76.57] $GPGLL,,,,,100005.33,V,N*4E
[   76.57] $GPGSA,A,1,,,,,,,,,,,,,99.99,99.99,99.99,1*2D
[   76.57] $GPGSV,4,1,15,5,20,300,,6,20,038,,7,01,072,,11,14,002,,1*5A
[   76.57] $GPGSV,4,2,15,12,14,284,,13,13,277,,14,18,146,,15,29,227,,1*6B
[   76.57] $GPGSV,4,3,15,17,46,131,,19,73,073,38,20,64,232,,21,21,342,,1*65
[   76.57] $GPGSV,4,4,15,22,33,165,,24,08,222,,30,31,103,,1*5D
[   76.57] $GPRMC,100005.33,V,,,,,,,090926,,,N,V*07
[   77.61] Tracking:  1 Using:  0 Unhealthy: 0
[   77.61] -----------------------------------
[   77.61] Seconds since last fix: 76
[   77.61] Searching [\]
[   77.61] NMEA strings:
[   77.61] $GPGGA,100006.33,,,,,0,,99.99,,M,,M,,*61
[   77.61] $GPGLL,,,,,100006.33,V,N*4D
[   77.61] $GPGSA,A,1,,,,,,,,,,,,,99.99,99.99,99.99,1*2D
[   77.61] $GPGSV,4,1,15,5,20,300,,6,20,038,,7,01,072,,11,14,002,,1*5A
[   77.61] $GPGSV,4,2,15,12,14,284,,13,13,277,,14,18,146,,15,29,227,,1*6B
[   77.61] $GPGSV,4,3,15,17,46,131,,19,73,073,38,20,64,232,,21,21,342,,1*65
[   77.61] $GPGSV,4,4,15,22,33,165,,24,08,222,,30,31,103,,1*5D
[   77.61] $GPRMC,100006.33,V,,,,,,,090926,,,N,V*04
[   78.66] Tracking:  1 Using:  0 Unhealthy: 0
[   78.66] -----------------------------------
[   78.66] Seconds since last fix: 77
[   78.66] Searching [|]
[   78.66] NMEA strings:
[   78.66] $GPGGA,100007.33,,,,,0,,99.99,,M,,M,,*60
[   78.66] $GPGLL,,,,,100007.33,V,N*4C
[   78.66] $GPGSA,A,1,,,,,,,,,,,,,99.99,99.99,99.99,1*2D
[   78.66] $GPGSV,4,1,15,5,20,300,,6,20,038,,7,01,072,,11,14,002,,1*5A
[   78.66] $GPGSV,4,2,15,12,14,284,,13,13,277,,14,18,146,,15,29,227,,1*6B
[   78.66] $GPGSV,4,3,15,17,46,131,,19,73,073,52,20,64,232,,21,21,342,,1*69
[   78.66] $GPGSV,4,4,15,22,33,165,,24,08,222,,30,31,103,,1*5D
[   78.66] $GPRMC,100007.33,V,,,,,,,090926,,,N,V*05
[   79.71] Tracking:  2 Using:  0 Unhealthy: 0
[   79.71] -----------------------------------
[   79.71] Seconds since last fix: 78
[   79.71] Searching [/]
[   79.71] NMEA strings:
[   79.71] $GPGGA,100008.33,,,,,0,,99.99,,M,,M,,*6F
[   79.71] $GPGLL,,,,,100008.33,V,N*43
[   79.71] $GPGSA,A,1,,,,,,,,,,,,,99.99,99.99,99.99,1*2D
[   79.71] $GPGSV,4,1,15,5,20,300,,6,20,038,,7,01,072,,11,14,002,,1*5A
[   79.71] $GPGSV,4,2,15,12,14,284,,13,13,277,,14,18,146,,15,29,227,,1*6B
[   79.71] $GPGSV,4,3,15,17,46,131,,19,73,073,52,20,64,232,28,21,21,342,,1*63
[   79.71] $GPGSV,4,4,15,22,33,165,,24,08,222,,30,31,103,,1*5D
[   79.71] $GPRMC,100008.33,V,,,,,,,090926,,,N,V*0A
[   80.75] Tracking:  2 Using:  0 Unhealthy: 0
[   80.75] -----------------------------------
[   80.75] Seconds since last fix: 79
[   80.75] Searching [-]
[   80.75] NMEA strings:
[   80.75] $GPGGA,100009.33,,,,,0,,99.99,,M,,M,,*6E
[   80.75] $GPGLL,,,,,100009.33,V,N*42
[   80.75] $GPGSA,A,1,,,,,,,,,,,,,99.99,99.99,99.99,1*2D
[   80.75] $GPGSV,4,1,15,5,20,300,,6,20,038,,7,01,072,,11,14,002,,1*5A
[   80.75] $GPGSV,4,2,15,12,14,284,,13,13,277,,14,18,146,,15,29,227,,1*6B
[   80.75] $GPGSV,4,3,15,17,46,131,,19,73,073,51,20,64,232,28,21,21,342,,1*60
[   80.75] $GPGSV,4,4,15,22,33,165,,24,08,222,,30,31,103,,1*5D
[   80.75] $GPRMC,100009.33,V,,,,,,,090926,,,N,V*0B
[   81.80] Tracking:  1 Using:  0 Unhealthy: 0
[   81.80] -----------------------------------
[   81.80] Seconds since last fix: 80
[   81.80] Searching [\]
[   81.80] NMEA strings:
[   81.80] $GPGGA,100010.33,,,,,0,,99.99,,M,,M,,*66
[   81.80] $GPGLL,,,,,100010.33,V,N*4A
[   81.80] $GPGSA,A,1,,,,,,,,,,,,,99.99,99.99,99.99,1*2D
[   81.80] $GPGSV,4,1,15,5,20,300,,6,20,038,,7,01,072,,11,14,002,,1*5A
[   81.80] $GPGSV,4,2,15,12,14,284,,13,13,277,,14,18,146,,15,29,227,,1*6B
[   81.80] $GPGSV,4,3,15,17,46,131,,19,73,073,50,20,64,232,,21,21,342,,1*6B
[   81.80] $GPGSV,4,4,15,22,33,165,,24,08,222,,30,31,103,,1*5D
[   81.80] $GPRMC,100010.33,V,,,,,,,090926,,,N,V*03
[   82.86] Tracking:  5 Using:  0 Unhealthy: 0
[   82.86] -----------------------------------
[   82.86] Seconds since last fix: 81
[   82.86] Searching [|]
[   82.86] NMEA strings:
[   82.86] $GPGGA,100011.33,,,,,0,,99.99,,M,,M,,*67
[   82.86] $GPGLL,,,,,100011.33,V,N*4B
[   82.86] $GPGSA,A,1,,,,,,,,,,,,,99.99,99.99,99.99,1*2D
[   82.86] $GPGSV,4,1,15,5,20,300,,6,20,038,,7,01,072,,11,14,002,,1*5A
[   82.86] $GPGSV,4,2,15,12,14,284,,13,13,277,,14,18,146,41,15,29,227,,1*6E
[   82.86] $GPGSV,4,3,15,17,46,131,52,19,73,073,50,20,64,232,12,21,21,342,,1*6F
[   82.86] $GPGSV,4,4,15,22,33,165,,24,08,222,,30,31,103,49,1*50
[   82.86] $GPRMC,100011.33,V,,,,,,,090926,,,N,V*02
[   83.91] Tracking:  5 Using:  0 Unhealthy: 0
[   83.91] -----------------------------------
[   83.91] Seconds since last fix: 82
[   83.91] Searching [/]
[   83.91] NMEA strings:
[   83.91] $GPGGA,100012.29,,,,,0,,99.99,,M,,M,,*6F
[   83.91] $GPGLL,,,,,100012.29,V,N*43
[   83.91] $GPGSA,A,1,,,,,,,,,,,,,99.99,99.99,99.99,1*2D
[   83.91] $GPGSV,4,1,15,5,20,300,,6,20,038,,7,01,072,,11,14,002,,1*5A
[   83.91] $GPGSV,4,2,15,12,14,284,,13,13,277,,14,18,146,41,15,29,227,,1*6E
[   83.91] $GPGSV,4,3,15,17,46,131,52,19,73,073,50,20,64,232,23,21,21,342,,1*6D
[   83.91] $GPGSV,4,4,15,22,33,165,,24,08,222,,30,31,103,49,1*50
[   83.91] $GPRMC,100012.29,V,,,,,,,090926,,,N,V*0A
[   84.44] Tracking:  5 Using:  0 Unhealthy: 0
[   84.44] -----------------------------------
[   84.44] Seconds since last fix: 83
[   84.44] Searching [-]
[   84.44] NMEA strings:
[   84.44] $GPGGA,100013.29,,,,,0,,99.99,,M,,M,,*6E
[   84.44] $GPGLL,,,,,100013.29,V,N*42
[   84.44] $GPGSA,A,1,,,,,,,,,,,,,99.99,99.99,99.99,1*2D
[   84.44] $GPGSV,4,1,15,5,20,300,,6,20,038,,7,01,072,,11,14,002,,1*5A
[   84.44] $GPGSV,4,2,15,12,14,284,,13,13,277,,14,18,146,40,15,29,227,,1*6F
[   84.44] $GPGSV,4,3,15,17,46,131,51,19,73,073,50,20,64,232,25,21,21,342,,1*68
[   84.97] $GPGSV,4,4,15,22,33,165,,24,08,222,,30,31,103,49,1*50
[   84.97] $GPRMC,100013.29,V,,,,,,,090926,,,N,V*0B
[   85.50] Tracking:  5 Using:  0 Unhealthy: 0
[   85.50] -----------------------------------
[   85.50] Seconds since last fix: 84
[   85.50] Searching [\]
[   85.50] NMEA strings:
[   85.50] $GPGGA,100014.29,,,,,0,,99.99,,M,,M,,*69
[   85.50] $GPGLL,,,,,100014.29,V,N*45
[   85.50] $GPGSA,A,1,,,,,,,,,,,,,99.99,99.99,99.99,1*2D
[   85.50] $GPGSV,4,1,15,5,20,300,,6,20,038,,7,01,072,,11,14,002,,1*5A
[   85.50] $GPGSV,4,2,15,12,14,284,,13,13,277,,14,18,146,39,15,29,227,,1*61
[   85.50] $GPGSV,4,3,15,17,46,131,50,19,73,073,50,20,64,232,24,21,21,342,,1*68
[   85.50] $GPGSV,4,4,15,22,33,165,,24,08,222,,30,31,103,49,1*50
[   85.50] $GPRMC,100014.29,V,,,,,,,090926,,,N,V*0C
[   86.54] Tracking:  5 Using:  0 Unhealthy: 0
[   86.54] -----------------------------------
[   86.54] Seconds since last fix: 85
[   86.54] Searching [|]
[   86.54] NMEA strings:
[   86.54] $GPGGA,100015.29,,,,,0,,99.99,,M,,M,,*68
[   86.54] $GPGLL,,,,,100015.29,V,N*44
[   86.54] $GPGSA,A,1,,,,,,,,,,,,,99.99,99.99,99.99,1*2D
[   86.54] $GPGSV,4,1,15,5,20,300,,6,20,038,,7,01,072,,11,14,002,,1*5A
[   86.54] $GPGSV,4,2,15,12,14,284,,13,13,277,,14,18,146,39,15,29,227,,1*61
[   86.54] $GPGSV,4,3,15,17,46,131,50,19,73,073,51,20,64,232,24,21,21,342,,1*69
[   86.54] $GPGSV,4,4,15,22,33,165,,24,08,222,,30,31,103,49,1*50
[   86.54] $GPRMC,100015.29,V,,,,,,,090926,,,N,V*0D
[   87.59] Tracking:  6 Using:  0 Unhealthy: 0
[   87.59] -----------------------------------
[   87.59] Seconds since last fix: 86
[   87.59] Searching [/]
[   87.59] NMEA strings:
[   87.59] $GPGGA,100016.29,,,,,0,,99.99,,M,,M,,*6B
[   87.59] $GPGLL,,,,,100016.29,V,N*47
[   87.59] $GPGSA,A,1,,,,,,,,,,,,,99.99,99.99,99.99,1*2D
[   87.59] $GPGSV,4,1,15,5,20,300,,6,20,038,,7,01,072,,11,14,002,,1*5A
[   87.59] $GPGSV,4,2,15,12,14,284,,13,13,277,,14,18,146,39,15,29,227,,1*61
[   87.59] $GPGSV,4,3,15,17,46,131,50,19,73,073,51,20,64,232,25,21,21,342,,1*68
[   87.59] $GPGSV,4,4,15,22,33,165,,24,08,222,28,30,31,103,49,1*5A
[   87.59] $GPRMC,100016.29,V,,,,,,,090926,,,N,V*0E
[   88.65] Tracking:  6 Using:  0 Unhealthy: 0
[   88.65] -----------------------------------
[   88.65] Seconds since last fix: 87
[   88.65] Searching [-]
[   88.65] NMEA strings:
[   88.65] $GPGGA,100017.29,,,,,0,,99.99,,M,,M,,*6A
[   88.65] $GPGLL,,,,,100017.29,V,N*46
[   88.65] $GPGSA,A,1,,,,,,,,,,,,,99.99,99.99,99.99,1*2D
[   88.65] $GPGSV,4,1,15,5,20,300,,6,20,038,,7,01,072,,11,14,002,,1*5A
[   88.65] $GPGSV,4,2,15,12,14,284,,13,13,277,,14,18,146,39,15,29,227,,1*61
[   88.65] $GPGSV,4,3,15,17,46,131,50,19,73,073,51,20,64,232,25,21,21,342,,1*68
[   88.65] $GPGSV,4,4,15,22,33,165,,24,08,222,26,30,31,103,49,1*54
[   88.65] $GPRMC,100017.29,V,,,,,,,090926,,,N,V*0F
[   89.69] Tracking:  6 Using:  0 Unhealthy: 0
[   89.69] -----------------------------------
[   89.69] Seconds since last fix: 88
[   89.69] Searching [\]
[   89.69] NMEA strings:
[   89.69] $GPGGA,100018.29,,,,,0,,99.99,,M,,M,,*65
[   89.69] $GPGLL,,,,,100018.29,V,N*49
[   89.69] $GPGSA,A,1,,,,,,,,,,,,,99.99,99.99,99.99,1*2D
[   89.69] $GPGSV,4,1,15,5,20,300,,6,20,038,,7,01,072,,11,14,002,,1*5A
[   89.69] $GPGSV,4,2,15,12,14,284,,13,13,277,,14,18,146,39,15,29,227,,1*61
[   89.69] $GPGSV,4,3,15,17,46,131,50,19,73,073,51,20,64,232,25,21,21,342,,1*68
[   89.70] $GPGSV,4,4,15,22,33,165,,24,08,222,25,30,31,103,49,1*57
[   89.70] $GPRMC,100018.29,V,,,,,,,090926,,,N,V*00
[   90.74] Tracking:  5 Using:  0 Unhealthy: 0
[   90.74] -----------------------------------
[   90.74] Seconds since last fix: 89
[   90.74] Searching [|]
[   90.74] NMEA strings:
[   90.74] $GPGGA,100019.29,,,,,0,,99.99,,M,,M,,*64
[   90.74] $GPGLL,,,,,100019.29,V,N*48
[   90.74] $GPGSA,A,1,,,,,,,,,,,,,99.99,99.99,99.99,1*2D
[   90.74] $GPGSV,4,1,15,5,20,300,,6,20,038,,7,01,072,,11,14,002,,1*5A
[   90.74] $GPGSV,4,2,15,12,14,284,,13,13,277,,14,18,146,39,15,29,227,,1*61
[   90.74] $GPGSV,4,3,15,17,46,131,50,19,73,073,51,20,64,232,,21,21,342,,1*6F
[   90.74] $GPGSV,4,4,15,22,33,165,,24,08,222,25,30,31,103,49,1*57
[   90.74] $GPRMC,100019.29,V,,,,,,,090926,,,N,V*01
[   91.79] Tracking:  5 Using:  0 Unhealthy: 0
[   91.79] -----------------------------------
[   91.79] Seconds since last fix: 90
[   91.79] Searching [/]
[   91.79] NMEA strings:
[   91.79] $GPGGA,100020.29,,,,,0,,99.99,,M,,M,,*6E
[   91.79] $GPGLL,,,,,100020.29,V,N*42
[   91.79] $GPGSA,A,1,,,,,,,,,,,,,99.99,99.99,99.99,1*2D
[   91.79] $GPGSV,4,1,15,5,20,300,,6,20,038,,7,01,072,,11,14,002,,1*5A
[   91.79] $GPGSV,4,2,15,12,14,284,,13,13,277,,14,18,146,39,15,29,227,,1*61
[   91.79] $GPGSV,4,3,15,17,46,131,49,19,73,073,51,20,64,232,24,21,21,342,,1*61
[   91.79] $GPGSV,4,4,15,22,33,165,,24,08,222,,30,31,103,49,1*50
[   91.79] $GPRMC,100020.29,V,,,,,,,090926,,,N,V*0B
[   92.85] Tracking:  5 Using:  0 Unhealthy: 0
[   92.85] -----------------------------------
[   92.85] Seconds since last fix: 91
[   92.85] Searching [-]
[   92.85] NMEA strings:
[   92.85] $GPGGA,100021.29,,,,,0,,99.99,,M,,M,,*6F
[   92.85] $GPGLL,,,,,100021.29,V,N*43
[   92.85] $GPGSA,A,1,,,,,,,,,,,,,99.99,99.99,99.99,1*2D
[   92.85] $GPGSV,4,1,15,5,20,300,,6,20,038,,7,01,072,,11,14,002,,1*5A
[   92.85] $GPGSV,4,2,15,12,14,284,,13,13,277,,14,18,146,39,15,29,227,,1*61
[   92.85] $GPGSV,4,3,15,17,46,131,49,19,73,073,50,20,64,232,24,21,21,342,,1*60
[   92.85] $GPGSV,4,4,15,22,33,165,,24,08,222,,30,31,103,49,1*50
[   92.85] $GPRMC,100021.29,V,,,,,,,090926,,,N,V*0A
[   93.89] Tracking:  5 Using:  0 Unhealthy: 0
[   93.89] -----------------------------------
[   93.89] Seconds since last fix: 92
[   93.89] Searching [\]
[   93.89] NMEA strings:
[   93.89] $GPGGA,100022.29,,,,,0,,99.99,,M,,M,,*6C
[   93.89] $GPGLL,,,,,100022.29,V,N*40
[   93.89] $GPGSA,A,1,,,,,,,,,,,,,99.99,99.99,99.99,1*2D
[   93.89] $GPGSV,4,1,15,5,20,300,,6,20,038,,7,01,072,,11,14,002,,1*5A
[   93.89] $GPGSV,4,2,15,12,14,284,,13,13,277,,14,18,146,39,15,29,227,,1*61
[   93.89] $GPGSV,4,3,15,17,46,131,50,19,73,073,50,20,64,232,25,21,21,342,,1*69
[   93.89] $GPGSV,4,4,15,22,33,165,,24,08,222,,30,31,103,49,1*50
[   93.89] $GPRMC,100022.29,V,,,,,,,090926,,,N,V*09
[   94.42] Tracking:  5 Using:  0 Unhealthy: 0
[   94.42] -----------------------------------
[   94.42] Seconds since last fix: 93
[   94.42] Searching [|]
[   94.42] NMEA strings:
[   94.42] $GPGGA,100023.29,,,,,0,,99.99,,M,,M,,*6D
[   94.42] $GPGLL,,,,,100023.29,V,N*41
[   94.42] $GPGSA,A,1,,,,,,,,,,,,,99.99,99.99,99.99,1*2D
[   94.95] $GPGSV,4,1,15,5,20,300,,6,20,038,,7,01,072,,11,14,002,,1*5A
[   94.95] $GPGSV,4,2,15,12,14,284,,13,13,277,,14,18,146,38,15,29,227,,1*60
[   94.95] $GPGSV,4,3,15,17,46,131,50,19,73,073,50,20,64,232,25,21,21,342,,1*69
[   94.95] $GPGSV,4,4,15,22,33,165,,24,08,222,,30,31,103,49,1*50
[   94.95] $GPRMC,100023.29,V,,,,,,,090926,,,N,V*08
[   95.46] Tracking:  5 Using:  0 Unhealthy: 0
[   95.46] -----------------------------------
[   95.46] Seconds since last fix: 94
[   95.46] Searching [/]
[   95.47] NMEA strings:
[   95.47] $GPGGA,100024.29,,,,,0,,99.99,,M,,M,,*6A
[   95.47] $GPGLL,,,,,100024.29,V,N*46
[   95.47] $GPGSA,A,1,,,,,,,,,,,,,99.99,99.99,99.99,1*2D
[   95.47] $GPGSV,4,1,15,5,20,300,,6,20,038,,7,01,072,,11,14,002,,1*5A
[   95.47] $GPGSV,4,2,15,12,14,284,,13,13,277,,14,18,146,38,15,29,227,,1*60
[   95.47] $GPGSV,4,3,15,17,46,131,49,19,73,073,50,20,64,232,25,21,21,342,,1*61
[   95.47] $GPGSV,4,4,15,22,33,165,,24,08,222,,30,31,103,49,1*50
[   95.47] $GPRMC,100024.29,V,,,,,,,090926,,,N,V*0F
[   96.52] Tracking:  5 Using:  0 Unhealthy: 0
[   96.52] -----------------------------------
[   96.52] Seconds since last fix: 95
[   96.52] Searching [-]
[   96.52] NMEA strings:
[   96.52] $GPGGA,100025.29,,,,,0,,99.99,,M,,M,,*6B
[   96.52] $GPGLL,,,,,100025.29,V,N*47
[   96.52] $GPGSA,A,1,,,,,,,,,,,,,99.99,99.99,99.99,1*2D
[   96.52] $GPGSV,4,1,15,5,20,300,,6,20,038,,7,01,072,,11,14,002,,1*5A
[   96.52] $GPGSV,4,2,15,12,14,284,,13,13,277,,14,18,146,38,15,29,227,,1*60
[   96.52] $GPGSV,4,3,15,17,46,131,49,19,73,073,50,20,64,232,24,21,21,342,,1*60
[   96.52] $GPGSV,4,4,15,22,33,165,,24,08,222,,30,31,103,49,1*50
[   96.52] $GPRMC,100025.29,V,,,,,,,090926,,,N,V*0E
[   97.58] Tracking:  7 Using:  0 Unhealthy: 0
[   97.58] -----------------------------------
[   97.58] Seconds since last fix: 96
[   97.58] Searching [\]
[   97.58] NMEA strings:
[   97.58] $GPGGA,100026.29,,,,,0,,99.99,,M,,M,,*68
[   97.58] $GPGLL,,,,,100026.29,V,N*44
[   97.58] $GPGSA,A,1,,,,,,,,,,,,,99.99,99.99,99.99,1*2D
[   97.58] $GPGSV,4,1,16,5,20,300,,6,20,038,,7,01,072,26,8,-41,147,28,1*42
[   97.58] $GPGSV,4,2,16,11,14,002,,12,14,284,,13,13,277,,14,18,146,38,1*6C
[   97.58] $GPGSV,4,3,16,15,29,227,,17,46,131,49,19,73,073,50,20,64,232,24,1*6E
[   97.58] $GPGSV,4,4,16,21,21,342,,22,33,165,,24,08,222,,30,31,103,49,1*66
[   97.58] $GPRMC,100026.29,V,,,,,,,090926,,,N,V*0D
[   98.63] Tracking:  8 Using:  0 Unhealthy: 0
[   98.63] -----------------------------------
[   98.63] Seconds since last fix: 97
[   98.63] Searching [|]
[   98.63] NMEA strings:
[   98.63] $GPGGA,100027.29,,,,,0,,99.99,,M,,M,,*69
[   98.63] $GPGLL,,,,,100027.29,V,N*45
[   98.63] $GPGSA,A,1,,,,,,,,,,,,,99.99,99.99,99.99,1*2D
[   98.63] $GPGSV,5,1,17,5,20,300,,6,20,038,,7,01,072,24,8,-41,147,25,1*4D
[   98.63] $GPGSV,5,2,17,9,-5,033,27,11,14,002,,12,14,284,,13,13,277,,1*4C
[   98.63] $GPGSV,5,3,17,14,18,146,39,15,29,227,,17,46,131,49,19,73,073,50,1*6E
[   98.63] $GPGSV,5,4,17,20,64,232,24,21,21,342,,22,33,165,,24,08,222,,1*6D
[   98.63] $GPGSV,5,5,17,30,31,103,49,1*5C
[   98.63] $GPRMC,100027.29,V,,,,,,,090926,,,N,V*0C
[   99.67] Tracking:  8 Using:  0 Unhealthy: 0
[   99.67] -----------------------------------
[   99.67] Seconds since last fix: 98
[   99.67] Searching [/]
[   99.67] NMEA strings:
[   99.67] $GPGGA,100028.29,,,,,0,,99.99,,M,,M,,*66
[   99.67] $GPGLL,,,,,100028.29,V,N*4A
[   99.67] $GPGSA,A,1,,,,,,,,,,,,,99.99,99.99,99.99,1*2D
[   99.67] $GPGSV,5,1,17,5,20,300,,6,20,038,,7,01,072,24,8,-41,147,31,1*48
[   99.67] $GPGSV,5,2,17,11,14,002,,12,14,284,,13,13,277,,14,18,146,38,1*6C
[   99.67] $GPGSV,5,3,17,15,29,227,,17,46,131,48,19,73,073,50,20,64,232,28,1*63
[   99.67] $GPGSV,5,4,17,21,21,342,,22,33,165,,23,-13,224,26,24,08,222,,1*46
[   99.67] $GPGSV,5,5,17,30,31,103,48,1*5D
[   99.67] $GPRMC,100028.29,V,,,,,,,090926,,,N,V*03
[  100.73] Tracking:  8 Using:  0 Unhealthy: 0
[  100.73] -----------------------------------
[  100.73] Seconds since last fix: 99
[  100.73] Searching [-]
[  100.73] NMEA strings:
[  100.73] $GPGGA,100029.29,,,,,0,,99.99,,M,,M,,*67
[  100.73] $GPGLL,,,,,100029.29,V,N*4B
[  100.73] $GPGSA,A,1,,,,,,,,,,,,,99.99,99.99,99.99,1*2D
[  100.73] $GPGSV,4,1,16,5,20,300,30,6,20,038,,7,01,072,24,10,-27,201,28,1*7B
[  100.73] $GPGSV,4,2,16,11,14,002,28,12,14,284,,13,13,277,,14,18,146,39,1*67
[  100.73] $GPGSV,4,3,16,15,29,227,,17,46,131,49,19,73,073,50,20,64,232,,1*68
[  100.73] $GPGSV,4,4,16,21,21,342,,22,33,165,,24,08,222,,30,31,103,48,1*67
[  100.73] $GPRMC,100029.29,V,,,,,,,090926,,,N,V*02
[  101.78] Tracking:  7 Using:  0 Unhealthy: 0
[  101.78] -----------------------------------
[  101.78] Seconds since last fix: 100
[  101.78] Searching [\]
[  101.78] NMEA strings:
[  101.78] $GPGGA,100030.29,,,,,0,,99.99,,M,,M,,*6F
[  101.78] $GPGLL,,,,,100030.29,V,N*43
[  101.78] $GPGSA,A,1,,,,,,,,,,,,,99.99,99.99,99.99,1*2D
[  101.78] $GPGSV,4,1,15,5,20,300,26,6,20,038,,7,01,072,,11,14,002,27,1*5B
[  101.78] $GPGSV,4,2,15,12,14,284,,13,13,277,,14,18,146,39,15,29,227,,1*61
[  101.78] $GPGSV,4,3,15,17,46,131,49,19,73,073,49,20,64,232,28,21,21,342,,1*64
[  101.78] $GPGSV,4,4,15,22,33,165,,24,08,222,,30,31,103,48,1*51
[  101.78] $GPRMC,100030.29,V,,,,,,,090926,,,N,V*0A
[  102.82] Tracking:  9 Using:  0 Unhealthy: 0
[  102.82] -----------------------------------
[  102.82] Seconds since last fix: 101
[  102.82] Searching [|]
[  102.82] NMEA strings:
[  102.82] $GPGGA,100031.29,,,,,0,,99.99,,M,,M,,*6E
[  102.82] $GPGLL,,,,,100031.29,V,N*42
[  102.82] $GPGSA,A,1,,,,,,,,,,,,,99.99,99.99,99.99,1*2D
[  102.82] $GPGSV,4,1,16,5,20,300,25,6,20,038,,7,01,072,,8,-41,147,30,1*48
[  102.82] $GPGSV,4,2,16,11,14,002,,12,14,284,,13,13,277,,14,18,146,38,1*6C
[  102.82] $GPGSV,4,3,16,15,29,227,,17,46,131,49,19,73,073,50,20,64,232,25,1*6F
[  102.82] $GPGSV,4,4,16,21,21,342,28,22,33,165,29,24,08,222,,30,31,103,48,1*66
[  102.82] $GPRMC,100031.29,V,,,,,,,090926,,,N,V*0B
[  103.87] Tracking: 11 Using:  0 Unhealthy: 0
[  103.87] -----------------------------------
[  103.87] Seconds since last fix: 102
[  103.87] Searching [/]
[  103.87] NMEA strings:
[  103.87] $GPGGA,100032.29,,,,,0,,99.99,,M,,M,,*6D
[  103.87] $GPGLL,,,,,100032.29,V,N*41
[  103.87] $GPGSA,A,1,,,,,,,,,,,,,99.99,99.99,99.99,1*2D
[  103.87] $GPGSV,5,1,18,3,-39,089,28,4,-32,036,27,5,20,300,24,6,20,038,,1*63
[  103.87] $GPGSV,5,2,18,7,01,072,,9,-5,033,28,11,14,002,,12,14,284,,1*7D
[  103.87] $GPGSV,5,3,18,13,13,277,,14,18,146,38,15,29,227,,17,46,131,49,1*6F
[  103.87] $GPGSV,5,4,18,19,73,073,50,20,64,232,24,21,21,342,25,22,33,165,28,1*6E
[  103.87] $GPGSV,5,5,18,24,08,222,,30,31,103,49,1*6F
[  103.87] $GPRMC,100032.29,V,,,,,,,090926,,,N,V*08
[  104.91] Tracking: 11 Using:  0 Unhealthy: 0
[  104.91] -----------------------------------
[  104.91] Seconds since last fix: 103
[  104.91] Searching [-]
[  104.91] NMEA strings:
[  104.91] $GPGGA,100033.29,,,,,0,,99.99,,M,,M,,*6C
[  104.91] $GPGLL,,,,,100033.29,V,N*40
[  104.91] $GPGSA,A,1,,,,,,,,,,,,,99.99,99.99,99.99,1*2D
[  104.91] $GPGSV,5,1,19,3,-39,089,25,5,20,300,,6,20,038,,7,01,072,,1*42
[  104.91] $GPGSV,5,2,19,9,-5,033,29,10,-27,201,30,11,14,002,,12,14,284,,1*67
[  104.91] $GPGSV,5,3,19,13,13,277,,14,18,146,38,15,29,227,,17,46,131,49,1*6E
[  104.91] $GPGSV,5,4,19,19,73,073,50,20,64,232,26,21,21,342,25,22,33,165,28,1*6D
[  104.91] $GPGSV,5,5,19,23,-13,224,28,24,08,222,,30,31,103,48,1*7F
[  104.91] $GPRMC,100033.29,V,,,,,,,090926,,,N,V*09
[  105.43] Tracking: 11 Using:  0 Unhealthy: 0
[  105.43] -----------------------------------
[  105.43] Seconds since last fix: 104
[  105.43] Searching [\]
[  105.43] NMEA strings:
[  105.43] $GPGGA,100034.29,,,,,0,,99.99,,M,,M,,*6B
[  105.43] $GPGLL,,,,,100034.29,V,N*47
[  105.43] $GPGSA,A,1,,,,,,,,,,,,,99.99,99.99,99.99,1*2D
[  105.43] $GPGSV,5,1,19,3,-39,089,24,5,20,300,,6,20,038,,7,01,072,,1*43
[  105.95] $GPGSV,5,2,19,8,-41,147,27,10,-27,201,26,11,14,002,,12,14,284,,1*5D
[  105.95] $GPGSV,5,3,19,13,13,277,,14,18,146,38,15,29,227,,17,46,131,49,1*6E
[  105.95] $GPGSV,5,4,19,19,73,073,49,20,64,232,25,21,21,342,25,22,33,165,28,1*66
[  105.95] $GPGSV,5,5,19,23,-13,224,27,24,08,222,,30,31,103,48,1*70
[  105.95] $GPRMC,100034.29,V,,,,,,,090926,,,N,V*0E
[  106.48] Tracking: 11 Using:  0 Unhealthy: 0
[  106.48] -----------------------------------
[  106.48] Seconds since last fix: 105
[  106.48] Searching [|]
[  106.48] NMEA strings:
[  106.48] $GPGGA,100035.29,,,,,0,,99.99,,M,,M,,*6A
[  106.48] $GPGLL,,,,,100035.29,V,N*46
[  106.48] $GPGSA,A,1,,,,,,,,,,,,,99.99,99.99,99.99,1*2D
[  106.48] $GPGSV,5,1,19,3,-39,089,25,5,20,300,,6,20,038,,7,01,072,,1*42
[  106.48] $GPGSV,5,2,19,8,-41,147,26,9,-5,033,28,10,-27,201,26,11,14,002,30,1*7C
[  106.48] $GPGSV,5,3,19,12,14,284,,13,13,277,,14,18,146,38,15,29,227,,1*6C
[  106.48] $GPGSV,5,4,19,17,46,131,48,19,73,073,48,20,64,232,26,21,21,342,,1*60
[  106.48] $GPGSV,5,5,19,22,33,165,28,24,08,222,,30,31,103,47,1*58
[  106.48] $GPRMC,100035.29,V,,,,,,,090926,,,N,V*0F
[  107.54] Tracking: 10 Using:  0 Unhealthy: 0
[  107.54] -----------------------------------
[  107.54] Seconds since last fix: 106
[  107.54] Searching [/]
[  107.54] NMEA strings:
[  107.54] $GPGGA,100036.29,,,,,0,,99.99,,M,,M,,*69
[  107.54] $GPGLL,,,,,100036.29,V,N*45
[  107.54] $GPGSA,A,1,,,,,,,,,,,,,99.99,99.99,99.99,1*2D
[  107.54] $GPGSV,5,1,18,5,20,300,,6,20,038,,7,01,072,,8,-41,147,25,1*44
[  107.54] $GPGSV,5,2,18,9,-5,033,29,10,-27,201,26,11,14,002,27,12,14,284,,1*64
[  107.54] $GPGSV,5,3,18,13,13,277,,14,18,146,37,15,29,227,,17,46,131,48,1*61
[  107.54] $GPGSV,5,4,18,19,73,073,49,20,64,232,26,21,21,342,,22,33,165,28,1*63
[  107.54] $GPGSV,5,5,18,24,08,222,,30,31,103,47,1*61
[  107.54] $GPRMC,100036.29,V,,,,,,,090926,,,N,V*0C
[  108.57] Tracking: 10 Using:  0 Unhealthy: 0
[  108.57] -----------------------------------
[  108.57] Seconds since last fix: 107
[  108.57] Searching [-]
[  108.57] NMEA strings:
[  108.57] $GPGGA,100037.29,,,,,0,,99.99,,M,,M,,*68
[  108.57] $GPGLL,,,,,100037.29,V,N*44
[  108.57] $GPGSA,A,1,,,,,,,,,,,,,99.99,99.99,99.99,1*2D
[  108.57] $GPGSV,5,1,17,4,-32,036,30,5,20,300,,6,20,038,,7,01,072,27,1*45
[  108.57] $GPGSV,5,2,17,9,-5,033,26,11,14,002,,12,14,284,27,13,13,277,,1*48
[  108.57] $GPGSV,5,3,17,14,18,146,37,15,29,227,,17,46,131,49,19,73,073,49,1*68
[  108.57] $GPGSV,5,4,17,20,64,232,25,21,21,342,,22,33,165,28,24,08,222,,1*66
[  108.57] $GPGSV,5,5,17,30,31,103,48,1*5D
[  108.57] $GPRMC,100037.29,V,,,,,,,090926,,,N,V*0D
[  109.62] Tracking:  9 Using:  0 Unhealthy: 0
[  109.62] -----------------------------------
[  109.62] Seconds since last fix: 108
[  109.62] Searching [\]
[  109.62] NMEA strings:
[  109.62] $GPGGA,100038.29,,,,,0,,99.99,,M,,M,,*67
[  109.62] $GPGLL,,,,,100038.29,V,N*4B
[  109.62] $GPGSA,A,1,,,,,,,,,,,,,99.99,99.99,99.99,1*2D
[  109.62] $GPGSV,5,1,17,5,20,300,,6,20,038,,7,01,072,,8,-41,147,28,1*46
[  109.62] $GPGSV,5,2,17,9,-5,033,30,11,14,002,,12,14,284,,13,13,277,,1*4A
[  109.62] $GPGSV,5,3,17,14,18,146,37,15,29,227,,17,46,131,49,19,73,073,50,1*60
[  109.62] $GPGSV,5,4,17,20,64,232,25,21,21,342,,22,33,165,27,24,08,222,26,1*6D
[  109.62] $GPGSV,5,5,17,30,31,103,48,1*5D
[  109.62] $GPRMC,100038.29,V,,,,,,,090926,,,N,V*02
[  110.68] Tracking: 11 Using:  0 Unhealthy: 0
[  110.68] -----------------------------------
[  110.68] Seconds since last fix: 109
[  110.68] Searching [|]
[  110.68] NMEA strings:
[  110.68] $GPGGA,100039.29,,,,,0,,99.99,,M,,M,,*66
[  110.68] $GPGLL,,,,,100039.29,V,N*4A
[  110.68] $GPGSA,A,1,,,,,,,,,,,,,99.99,99.99,99.99,1*2D
[  110.68] $GPGSV,5,1,18,4,-32,036,29,5,20,300,,6,20,038,,7,01,072,28,1*4D
[  110.68] $GPGSV,5,2,18,8,-41,147,27,9,-5,033,28,11,14,002,,12,14,284,,1*59
[  110.68] $GPGSV,5,3,18,13,13,277,,14,18,146,37,15,29,227,,17,46,131,49,1*60
[  110.68] $GPGSV,5,4,18,19,73,073,50,20,64,232,25,21,21,342,,22,33,165,27,1*67
[  110.68] $GPGSV,5,5,18,24,08,222,25,30,31,103,48,1*69
[  110.68] $GPRMC,100039.29,V,,,,,,,090926,,,N,V*03
[  111.74] Tracking:  9 Using:  0 Unhealthy: 0
[  111.74] -----------------------------------
[  111.74] Seconds since last fix: 110
[  111.74] Searching [/]
[  111.74] NMEA strings:
[  111.74] $GPGGA,100040.29,,,,,0,,99.99,,M,,M,,*68
[  111.74] $GPGLL,,,,,100040.29,V,N*44
[  111.74] $GPGSA,A,1,,,,,,,,,,,,,99.99,99.99,99.99,1*2D
[  111.74] $GPGSV,4,1,16,4,-32,036,25,5,20,300,,6,20,038,,7,01,072,26,1*40
[  111.74] $GPGSV,4,2,16,11,14,002,,12,14,284,,13,13,277,,14,18,146,37,1*63
[  111.74] $GPGSV,4,3,16,15,29,227,,17,46,131,48,19,73,073,49,20,64,232,28,1*6B
[  111.74] $GPGSV,4,4,16,21,21,342,,22,33,165,27,24,08,222,24,30,31,103,47,1*6B
[  111.74] $GPRMC,100040.29,V,,,,,,,090926,,,N,V*0D
[  112.80] Tracking: 11 Using:  0 Unhealthy: 0
[  112.80] -----------------------------------
[  112.80] Seconds since last fix: 111
[  112.80] Searching [-]
[  112.80] NMEA strings:
[  112.80] $GPGGA,100041.29,,,,,0,,99.99,,M,,M,,*69
[  112.80] $GPGLL,,,,,100041.29,V,N*45
[  112.80] $GPGSA,A,1,,,,,,,,,,,,,99.99,99.99,99.99,1*2D
[  112.80] $GPGSV,5,1,17,4,-32,036,25,5,20,300,,6,20,038,,7,01,072,25,1*43
[  112.80] $GPGSV,5,2,17,9,-5,033,29,11,14,002,28,12,14,284,,13,13,277,,1*48
[  112.80] $GPGSV,5,3,17,14,18,146,37,15,29,227,,17,46,131,48,19,73,073,49,1*69
[  112.80] $GPGSV,5,4,17,20,64,232,28,21,21,342,,22,33,165,27,24,08,222,25,1*63
[  112.80] $GPGSV,5,5,17,30,31,103,47,1*52
[  112.80] $GPRMC,100041.29,V,,,,,,,090926,,,N,V*0C
[  113.84] Tracking: 10 Using:  0 Unhealthy: 0
[  113.84] -----------------------------------
[  113.84] Seconds since last fix: 112
[  113.84] Searching [\]
[  113.84] NMEA strings:
[  113.84] $GPGGA,100042.29,,,,,0,,99.99,,M,,M,,*6A
[  113.84] $GPGLL,,,,,100042.29,V,N*46
[  113.84] $GPGSA,A,1,,,,,,,,,,,,,99.99,99.99,99.99,1*2D
[  113.84] $GPGSV,5,1,18,3,-39,089,26,4,-32,036,24,5,20,300,,6,20,038,,1*68
[  113.84] $GPGSV,5,2,18,7,01,072,26,10,-27,201,28,11,14,002,,12,14,284,,1*72
[  113.84] $GPGSV,5,3,18,13,13,277,,14,18,146,37,15,29,227,,17,46,131,48,1*61
[  113.84] $GPGSV,5,4,18,19,73,073,49,20,64,232,27,21,21,342,,22,33,165,27,1*6D
[  113.84] $GPGSV,5,5,18,24,08,222,,30,31,103,47,1*61
[  113.84] $GPRMC,100042.29,V,,,,,,,090926,,,N,V*0F
[  114.90] Tracking:  8 Using:  0 Unhealthy: 0
[  114.90] -----------------------------------
[  114.90] Seconds since last fix: 113
[  114.90] Searching [|]
[  114.90] NMEA strings:
[  114.90] $GPGGA,100043.29,,,,,0,,99.99,,M,,M,,*6B
[  114.90] $GPGLL,,,,,100043.29,V,N*47
[  114.90] $GPGSA,A,1,,,,,,,,,,,,,99.99,99.99,99.99,1*2D
[  114.90] $GPGSV,4,1,15,5,20,300,,6,20,038,,7,01,072,,11,14,002,,1*5A
[  114.90] $GPGSV,4,2,15,12,14,284,27,13,13,277,28,14,18,146,37,15,29,227,,1*60
[  114.90] $GPGSV,4,3,15,17,46,131,49,19,73,073,49,20,64,232,25,21,21,342,,1*69
[  114.90] $GPGSV,4,4,15,22,33,165,31,24,08,222,,30,31,103,48,1*53
[  114.90] $GPRMC,100043.29,V,,,,,,,090926,,,N,V*0E
[  115.43] Tracking: 10 Using:  0 Unhealthy: 0
[  115.43] -----------------------------------
[  115.43] Seconds since last fix: 114
[  115.43] Searching [/]
[  115.43] NMEA strings:
[  115.43] $GPGGA,100044.29,,,,,0,,99.99,,M,,M,,*6C
[  115.43] $GPGLL,,,,,100044.29,V,N*40
[  115.43] $GPGSA,A,1,,,,,,,,,,,,,99.99,99.99,99.99,1*2D
[  115.43] $GPGSV,4,1,16,5,20,300,,6,20,038,,7,01,072,27,8,-41,147,26,1*4D
[  115.96] $GPGSV,4,2,16,11,14,002,,12,14,284,,13,13,277,26,14,18,146,37,1*67
[  115.96] $GPGSV,4,3,16,15,29,227,32,17,46,131,48,19,73,073,49,20,64,232,26,1*64
[  115.96] $GPGSV,4,4,16,21,21,342,,22,33,165,27,24,08,222,,30,31,103,48,1*62
[  115.96] $GPRMC,100044.29,V,,,,,,,090926,,,N,V*09
[  116.49] Tracking: 12 Using:  0 Unhealthy: 0
[  116.49] -----------------------------------
[  116.49] Seconds since last fix: 115
[  116.49] Searching [-]
[  116.49] NMEA strings:
[  116.49] $GPGGA,100045.29,,,,,0,,99.99,,M,,M,,*6D
[  116.49] $GPGLL,,,,,100045.29,V,N*41
[  116.49] $GPGSA,A,1,,,,,,,,,,,,,99.99,99.99,99.99,1*2D
[  116.49] $GPGSV,5,1,18,5,20,300,,6,20,038,,7,01,072,25,8,-41,147,25,1*43
[  116.49] $GPGSV,5,2,18,11,14,002,,12,14,284,,13,13,277,25,14,18,146,37,1*6B
[  116.49] $GPGSV,5,3,18,15,29,227,29,17,46,131,48,18,-35,271,26,19,73,073,49,1*44
[  116.49] $GPGSV,5,4,18,20,64,232,24,21,21,342,,22,33,165,27,23,-13,224,29,1*4A
[  116.49] $GPGSV,5,5,18,24,08,222,,30,31,103,48,1*6E
[  116.49] $GPRMC,100045.29,V,,,,,,,090926,,,N,V*08
[  117.54] Tracking: 12 Using:  0 Unhealthy: 0
[  117.54] -----------------------------------
[  117.54] Seconds since last fix: 116
[  117.54] Searching [\]
[  117.54] NMEA strings:
[  117.54] $GPGGA,100046.29,,,,,0,,99.99,,M,,M,,*6E
[  117.54] $GPGLL,,,,,100046.29,V,N*42
[  117.54] $GPGSA,A,1,,,,,,,,,,,,,99.99,99.99,99.99,1*2D
[  117.54] $GPGSV,5,1,18,5,20,300,,6,20,038,,7,01,072,24,8,-41,147,25,1*42
[  117.54] $GPGSV,5,2,18,11,14,002,,12,14,284,,13,13,277,25,14,18,146,37,1*6B
[  117.54] $GPGSV,5,3,18,15,29,227,27,17,46,131,48,18,-35,271,25,19,73,073,48,1*48
[  117.54] $GPGSV,5,4,18,20,64,232,24,21,21,342,,22,33,165,26,23,-13,224,25,1*47
[  117.54] Tracking: 12 Using:  0 Unhealthy: 0
[  117.54] -----------------------------------
[  117.54] Seconds since last fix: 116
[  117.54] Searching [|]
[  117.54] NMEA strings:
[  117.54] $GPGSV,5,5,18,24,08,222,,30,31,103,47,1*61
[  117.54] $GPRMC,100046.29,V,,,,,,,090926,,,N,V*0B
[  117.54] $GPGGA,100046.33,,,,,0,,99.99,,M,,M,,*65
[  117.54] $GPGLL,,,,,100046.33,V,N*49
[  117.54] $GPGSA,A,1,,,,,,,,,,,,,99.99,99.99,99.99,1*2D
[  117.54] $GPGSV,5,1,18,5,20,300,,6,20,038,,7,01,072,24,8,-41,147,25,1*42
[  117.54] $GPGSV,5,2,18,11,14,002,,12,14,284,,13,13,277,25,14,18,146,37,1*6B
[  117.54] $GPGSV,5,3,18,15,29,227,27,17,46,131,48,18,-35,271,24,19,73,073,48,1*49
[  117.54] $GPGSV,5,4,18,20,64,232,24,21,21,342,,22,33,165,26,23,-13,224,25,1*47
[  117.54] $GPGSV,5,5,18,24,08,222,,30,31,103,47,1*61
[  117.54] $GPRMC,100046.33,V,,,,,,,090926,,,N,V*00
[  118.60] Tracking: 11 Using:  4 Unhealthy: 0
[  118.60] -----------------------------------
[  118.60] Latitude:          -30.029066
[  118.60] Longitude:         -51.212543
[  118.60] Accuracy:          14.5 m
[  118.60] Altitude:          47.5 m
[  118.60] Altitude accuracy: 20.1 m
[  118.60] Speed:             0.0 m/s
[  118.60] Speed accuracy:    1.2 m/s
[  118.60] V. speed:          -0.1 m/s
[  118.60] V. speed accuracy: 1.7 m/s
[  118.60] Heading:           0.0 deg
[  118.60] Heading accuracy:  180.0 deg
[  118.60] Date:              2026-09-09
[  118.60] Time (UTC):        10:00:49.090
[  118.60] PDOP:              7.6
[  118.60] HDOP:              4.3
[  118.60] VDOP:              6.2
[  118.60] TDOP:              6.3
[  118.60] NMEA strings:
[  118.60] $GPGGA,100049.09,3001.74395,S,05112.75255,W,1,04,4.30,47.47,M,,M,,*42
[  118.60] $GPGLL,3001.74395,S,05112.75255,W,100049.09,A,A*6A
[  118.60] $GPGSA,A,3,14,17,19,30,,,,,,,,,7.58,4.30,6.23,1*1D
[  118.60] $GPGSV,5,1,18,1,00,127,,5,07,307,,6,05,032,,7,-3,067,24,1*76
[  119.13] $GPGSV,5,2,18,12,06,291,,13,08,285,,14,36,136,38,15,40,244,26,1*69
[  119.13] $GPGSV,5,3,18,17,59,098,48,18,-36,262,24,19,58,027,49,20,66,293,25,1*4D
[  119.13] $GPGSV,5,4,18,21,01,344,,22,55,157,26,23,-1,226,25,24,21,229,,1*7A
[  119.13] $GPGSV,5,5,18,25,-21,297,29,30,33,082,47,1*49
[  119.13] $GPRMC,100049.09,A,3001.74395,S,05112.75255,W,0.09,0.00,090926,,,A,V*2A
[  121.23] Tracking:  0 Using:  0 Unhealthy: 0
[  121.23] -----------------------------------
[  121.23] Latitude:          -30.029067
[  121.23] Longitude:         -51.212543
[  121.23] Accuracy:          15.0 m
[  121.23] Altitude:          47.3 m
[  121.23] Altitude accuracy: 20.3 m
[  121.23] Speed:             0.0 m/s
[  121.23] Speed accuracy:    2.2 m/s
[  121.23] V. speed:          -0.0 m/s
[  121.23] V. speed accuracy: 1.0 m/s
[  121.23] Heading:           0.0 deg
[  121.23] Heading accuracy:  180.0 deg
[  121.23] Date:              2026-09-09
[  121.23] Time (UTC):        10:00:51.503
[  121.23] PDOP:              100.0
[  121.23] HDOP:              100.0
[  121.23] VDOP:              100.0
[  121.23] TDOP:              100.0
[  121.23] NMEA strings:
[  121.23] $GPGGA,100051.50,3001.74400,S,05112.75259,W,1,,100.00,47.31,M,,M,,*43
[  121.23] $GPGLL,3001.74400,S,05112.75259,W,100051.50,A,A*68
[  121.23] $GPGSA,A,3,,,,,,,,,,,,,100.00,100.00,100.00,1*1E
[  121.23] $GPGSV,4,1,14,1,00,127,,5,07,307,,6,05,032,,12,06,291,,1*5A
[  121.23] $GPGSV,4,2,14,13,08,285,,14,36,136,,15,40,244,,17,59,098,,1*6F
[  121.23] $GPGSV,4,3,14,19,58,027,,20,66,293,,21,01,344,,22,55,157,,1*6E
[  121.23] $GPGSV,4,4,14,24,21,229,,30,33,082,,1*64
[  121.23] $GPRMC,100051.50,A,3001.74400,S,05112.75259,W,0.09,0.00,090926,,,A,V*28
[  240.96] Tracking:  0 Using:  0 Unhealthy: 0
[  240.96] -----------------------------------
[  240.96] Seconds since last fix: 119
[  240.96] Searching [/]
[  240.96] NMEA strings:
[  240.96] $GPGGA,100251.50,,,,,0,,99.99,,M,,M,,*64
[  240.96] $GPGLL,,,,,100251.50,V,N*48
[  240.96] $GPGSA,A,1,,,,,,,,,,,,,99.99,99.99,99.99,1*2D
[  240.96] $GPGSV,1,1,0,,,,,,,,,,,,,,,,,1*54
[  240.96] $GPRMC,100251.50,V,,,,,,,090926,,,N,V*01
[  242.01] Tracking:  3 Using:  0 Unhealthy: 0
[  242.01] -----------------------------------
[  242.01] Seconds since last fix: 120
[  242.01] Searching [-]
[  242.01] NMEA strings:
[  242.01] $GPGGA,100252.50,,,,,0,,99.99,,M,,M,,*67
[  242.01] $GPGLL,,,,,100252.50,V,N*4B
[  242.01] $GPGSA,A,1,,,,,,,,,,,,,99.99,99.99,99.99,1*2D
[  242.01] $GPGSV,1,1,3,17,,,48,19,,,51,30,,,50,1*57
[  242.01] $GPRMC,100252.50,V,,,,,,,090926,,,N,V*02
[  243.05] Tracking:  5 Using:  4 Unhealthy: 0
[  243.05] -----------------------------------
[  243.05] Seconds since last fix: 122
[  243.05] Searching [\]
[  243.05] NMEA strings:
[  243.05] $GPGGA,100253.50,,,,,0,04,99.99,,M,,M,,*62
[  243.05] $GPGLL,,,,,100253.50,V,N*4A
[  243.05] $GPGSA,A,1,,,,,,,,,,,,,99.99,99.99,99.99,1*2D
[  243.05] $GPGSV,2,1,5,14,,,39,15,,,26,17,,,48,19,,,44,1*5F
[  243.05] $GPGSV,2,2,5,30,,,50,1*57
[  243.05] $GPRMC,100253.50,V,,,,,,,090926,,,N,V*03
[  244.11] Tracking:  6 Using:  4 Unhealthy: 0
[  244.11] -----------------------------------
[  244.11] Seconds since last fix: 123
[  244.11] Searching [|]
[  244.11] NMEA strings:
[  244.11] $GPGGA,100254.50,,,,,0,04,99.99,,M,,M,,*65
[  244.11] $GPGLL,,,,,100254.50,V,N*4D
[  244.11] $GPGSA,A,1,,,,,,,,,,,,,99.99,99.99,99.99,1*2D
[  244.11] $GPGSV,2,1,6,14,,,36,15,,,27,17,,,49,19,,,47,1*50
[  244.11] $GPGSV,2,2,6,24,,,27,30,,,49,1*5F
[  244.11] $GPRMC,100254.50,V,,,,,,,090926,,,N,V*04
[  245.15] Tracking:  7 Using:  4 Unhealthy: 0
[  245.15] -----------------------------------
[  245.15] Seconds since last fix: 124
[  245.15] Searching [/]
[  245.15] NMEA strings:
[  245.15] $GPGGA,100255.50,,,,,0,04,99.99,,M,,M,,*64
[  245.15] $GPGLL,,,,,100255.50,V,N*4C
[  245.15] $GPGSA,A,1,,,,,,,,,,,,,99.99,99.99,99.99,1*2D
[  245.15] $GPGSV,2,1,7,14,,,37,15,,,27,17,,,49,19,,,48,1*5F
[  245.15] $GPGSV,2,2,7,22,,,26,24,,,26,30,,,49,1*5B
[  245.15] $GPRMC,100255.50,V,,,,,,,090926,,,N,V*05
[  246.21] Tracking:  7 Using:  4 Unhealthy: 0
[  246.21] -----------------------------------
[  246.21] Latitude:          -30.029059
[  246.21] Longitude:         -51.212503
[  246.21] Accuracy:          15.1 m
[  246.21] Altitude:          50.3 m
[  246.21] Altitude accuracy: 20.3 m
[  246.21] Speed:             0.2 m/s
[  246.21] Speed accuracy:    1.3 m/s
[  246.21] V. speed:          -0.3 m/s
[  246.21] V. speed accuracy: 1.7 m/s
[  246.21] Heading:           0.0 deg
[  246.21] Heading accuracy:  180.0 deg
[  246.21] Date:              2026-09-09
[  246.21] Time (UTC):        10:02:56.501
[  246.21] PDOP:              7.7
[  246.21] HDOP:              4.5
[  246.21] VDOP:              6.3
[  246.21] TDOP:              6.4
[  246.21] NMEA strings:
[  246.21] $GPGGA,100256.50,3001.74353,S,05112.75020,W,1,04,4.47,50.27,M,,M,,*48
[  246.21] $GPGLL,3001.74353,S,05112.75020,W,100256.50,A,A*60
[  246.21] $GPGSA,A,3,14,17,19,30,,,,,,,,,7.69,4.47,6.26,1*1A
[  246.21] $GPGSV,2,1,7,14,,,37,17,,,49,19,,,49,20,,,27,1*58
[  246.21] $GPGSV,2,2,7,22,,,25,24,,,25,30,,,48,1*5A
[  246.21] $GPRMC,100256.50,A,3001.74353,S,05112.75020,W,0.47,0.00,090926,,,A,V*2A
[  361.29] Tracking:  0 Using:  0 Unhealthy: 0
[  361.29] -----------------------------------
[  361.29] Seconds since last fix: 114
[  361.29] Searching [-]
[  361.29] NMEA strings:
[  361.29] $GPGGA,100451.50,,,,,0,,99.99,,M,,M,,*62
[  361.29] $GPGLL,,,,,100451.50,V,N*4E
[  361.29] $GPGSA,A,1,,,,,,,,,,,,,99.99,99.99,99.99,1*2D
[  361.29] $GPGSV,1,1,0,,,,,,,,,,,,,,,,,1*54
[  361.29] $GPRMC,100451.50,V,,,,,,,090926,,,N,V*07
[  362.33] Tracking:  4 Using:  4 Unhealthy: 0
[  362.33] -----------------------------------
[  362.33] Seconds since last fix: 116
[  362.33] Searching [\]
[  362.33] NMEA strings:
[  362.33] $GPGGA,100452.50,,,,,0,04,99.99,,M,,M,,*65
[  362.33] $GPGLL,,,,,100452.50,V,N*4D
[  362.33] $GPGSA,A,1,,,,,,,,,,,,,99.99,99.99,99.99,1*2D
[  362.33] $GPGSV,1,1,4,14,,,41,17,,,48,19,,,44,30,,,48,1*5D
[  362.33] $GPRMC,100452.50,V,,,,,,,090926,,,N,V*04
[  363.38] Tracking:  6 Using:  4 Unhealthy: 0
[  363.38] -----------------------------------
[  363.38] Latitude:          -30.029042
[  363.38] Longitude:         -51.212527
[  363.38] Accuracy:          15.6 m
[  363.38] Altitude:          51.4 m
[  363.38] Altitude accuracy: 20.3 m
[  363.38] Speed:             0.2 m/s
[  363.38] Speed accuracy:    1.2 m/s
[  363.38] V. speed:          0.2 m/s
[  363.38] V. speed accuracy: 1.7 m/s
[  363.38] Heading:           0.0 deg
[  363.38] Heading accuracy:  180.0 deg
[  363.38] Date:              2026-09-09
[  363.38] Time (UTC):        10:04:53.503
[  363.38] PDOP:              7.8
[  363.38] HDOP:              4.6
[  363.38] VDOP:              6.3
[  363.38] TDOP:              6.6
[  363.38] NMEA strings:
[  363.38] $GPGGA,100453.50,3001.74252,S,05112.75163,W,1,04,4.64,51.39,M,,M,,*42
[  363.38] $GPGLL,3001.74252,S,05112.75163,W,100453.50,A,A*65
[  363.38] $GPGSA,A,3,14,17,19,30,,,,,,,,,7.82,4.64,6.29,1*11
[  363.38] $GPGSV,2,1,6,14,,,39,17,,,49,19,,,47,22,,,33,1*5E
[  363.38] $GPGSV,2,2,6,24,,,24,30,,,48,1*5D
[  363.38] $GPRMC,100453.50,A,3001.74252,S,05112.75163,W,0.38,0.00,090926,,,A,V*27
[  481.15] Tracking:  0 Using:  0 Unhealthy: 0
[  481.15] -----------------------------------
[  481.15] Seconds since last fix: 117
[  481.15] Searching [|]
[  481.15] NMEA strings:
[  481.15] $GPGGA,100651.50,,,,,0,,99.99,,M,,M,,*60
[  481.15] $GPGLL,,,,,100651.50,V,N*4C
[  481.15] $GPGSA,A,1,,,,,,,,,,,,,99.99,99.99,99.99,1*2D
[  481.15] $GPGSV,1,1,0,,,,,,,,,,,,,,,,,1*54
[  481.15] $GPRMC,100651.50,V,,,,,,,090926,,,N,V*05
[  482.21] Tracking:  4 Using:  4 Unhealthy: 0
[  482.21] -----------------------------------
[  482.21] Seconds since last fix: 119
[  482.21] Searching [/]
[  482.21] NMEA strings:
[  482.21] $GPGGA,100652.50,,,,,0,04,99.99,,M,,M,,*67
[  482.21] $GPGLL,,,,,100652.50,V,N*4F
[  482.21] $GPGSA,A,1,,,,,,,,,,,,,99.99,99.99,99.99,1*2D
[  482.21] $GPGSV,1,1,4,14,,,42,17,,,48,19,,,45,30,,,51,1*57
[  482.21] $GPRMC,100652.50,V,,,,,,,090926,,,N,V*06
[  483.26] Tracking:  6 Using:  4 Unhealthy: 0
[  483.26] -----------------------------------
[  483.26] Latitude:          -30.029038
[  483.26] Longitude:         -51.212421
[  483.26] Accuracy:          16.1 m
[  483.26] Altitude:          65.6 m
[  483.26] Altitude accuracy: 20.6 m
[  483.26] Speed:             0.2 m/s
[  483.26] Speed accuracy:    1.3 m/s
[  483.26] V. speed:          0.1 m/s
[  483.26] V. speed accuracy: 1.7 m/s
[  483.26] Heading:           0.0 deg
[  483.26] Heading accuracy:  180.0 deg
[  483.26] Date:              2026-09-09
[  483.26] Time (UTC):        10:06:53.504
[  483.26] PDOP:              8.0
[  483.26] HDOP:              4.8
[  483.26] VDOP:              6.3
[  483.26] TDOP:              6.7
[  483.26] NMEA strings:
[  483.26] $GPGGA,100653.50,3001.74230,S,05112.74524,W,1,04,4.83,65.55,M,,M,,*46
[  483.26] $GPGLL,3001.74230,S,05112.74524,W,100653.50,A,A*65
[  483.26] $GPGSA,A,3,14,17,19,30,,,,,,,,,7.97,4.83,6.34,1*10
[  483.26] $GPGSV,2,1,6,14,,,41,17,,,49,19,,,47,22,,,30,1*52
[  483.26] $GPGSV,2,2,6,24,,,27,30,,,51,1*56
[  483.26] $GPRMC,100653.50,A,3001.74230,S,05112.74524,W,0.32,0.00,090926,,,A,V*2D
[  601.02] Tracking:  0 Using:  0 Unhealthy: 0
[  601.02] -----------------------------------
[  601.02] Seconds since last fix: 117
[  601.02] Searching [-]
[  601.02] NMEA strings:
[  601.02] $GPGGA,100851.51,,,,,0,,99.99,,M,,M,,*6F
[  601.02] $GPGLL,,,,,100851.51,V,N*43
[  601.02] $GPGSA,A,1,,,,,,,,,,,,,99.99,99.99,99.99,1*2D
[  601.02] $GPGSV,1,1,0,,,,,,,,,,,,,,,,,1*54
[  601.02] $GPRMC,100851.51,V,,,,,,,090926,,,N,V*0A
[  602.08] Tracking:  5 Using:  4 Unhealthy: 0
[  602.08] -----------------------------------
[  602.08] Seconds since last fix: 119
[  602.08] Searching [\]
[  602.08] NMEA strings:
[  602.08] $GPGGA,100852.51,,,,,0,04,99.99,,M,,M,,*68
[  602.08] $GPGLL,,,,,100852.51,V,N*40
[  602.08] $GPGSA,A,1,,,,,,,,,,,,,99.99,99.99,99.99,1*2D
[  602.08] $GPGSV,2,1,5,14,,,36,15,,,25,17,,,49,19,,,44,1*52
[  602.08] $GPGSV,2,2,5,30,,,51,1*56
[  602.08] $GPRMC,100852.51,V,,,,,,,090926,,,N,V*09
[  603.14] Tracking:  7 Using:  4 Unhealthy: 0
[  603.14] -----------------------------------
[  603.14] Seconds since last fix: 120
[  603.14] Searching [|]
[  603.14] NMEA strings:
[  603.14] $GPGGA,100853.51,,,,,0,04,99.99,,M,,M,,*69
[  603.14] $GPGLL,,,,,100853.51,V,N*41
[  603.14] $GPGSA,A,1,,,,,,,,,,,,,99.99,99.99,99.99,1*2D
[  603.14] $GPGSV,2,1,7,14,,,39,15,,,25,17,,,49,19,,,44,1*5F
[  603.14] $GPGSV,2,2,7,22,,,28,24,,,24,30,,,50,1*5F
[  603.14] $GPRMC,100853.51,V,,,,,,,090926,,,N,V*08
[  604.19] Tracking:  8 Using:  4 Unhealthy: 0
[  604.19] -----------------------------------
[  604.19] Seconds since last fix: 121
[  604.19] Searching [/]
[  604.19] NMEA strings:
[  604.19] $GPGGA,100854.51,,,,,0,04,99.99,,M,,M,,*6E
[  604.19] $GPGLL,,,,,100854.51,V,N*46
[  604.19] $GPGSA,A,1,,,,,,,,,,,,,99.99,99.99,99.99,1*2D
[  604.19] $GPGSV,2,1,8,14,,,40,15,,,25,17,,,49,19,,,47,1*5D
[  604.19] $GPGSV,2,2,8,20,,,26,22,,,27,24,,,24,30,,,49,1*51
[  604.19] $GPRMC,100854.51,V,,,,,,,090926,,,N,V*0F
[  605.24] Tracking:  8 Using:  4 Unhealthy: 0
[  605.24] -----------------------------------
[  605.24] Latitude:          -30.029044
[  605.24] Longitude:         -51.212553
[  605.24] Accuracy:          16.9 m
[  605.24] Altitude:          47.7 m
[  605.24] Altitude accuracy: 20.9 m
[  605.24] Speed:             0.1 m/s
[  605.24] Speed accuracy:    1.3 m/s
[  605.24] V. speed:          -0.1 m/s
[  605.24] V. speed accuracy: 1.7 m/s
[  605.24] Heading:           0.0 deg
[  605.24] Heading accuracy:  180.0 deg
[  605.24] Date:              2026-09-09
[  605.24] Time (UTC):        10:08:55.505
[  605.24] PDOP:              8.2
[  605.24] HDOP:              5.0
[  605.24] VDOP:              6.4
[  605.24] TDOP:              6.9
[  605.24] NMEA strings:
[  605.24] $GPGGA,100855.51,3001.74263,S,05112.75317,W,1,04,5.03,47.69,M,,M,,*48
[  605.24] $GPGLL,3001.74263,S,05112.75317,W,100855.51,A,A*6D
[  605.24] $GPGSA,A,3,14,17,19,30,,,,,,,,,8.15,5.03,6.42,1*1D
[  605.24] $GPGSV,2,1,8,14,,,40,15,,,25,17,,,50,19,,,48,1*5A
[  605.24] $GPGSV,2,2,8,20,,,26,22,,,25,24,,,24,30,,,50,1*5B
[  605.24] $GPRMC,100855.51,A,3001.74263,S,05112.75317,W,0.11,0.00,090926,,,A,V*24
